# MSA HOTAIR_full_MSA_clustered95_aligned_SS_1_1-500 nseq 27 (27) alen 456 (500) avgid 88.65 (87.76) nbpairs 123 (123)
# Method Target_E-val [cov_min,conv_max] [FP | TP True Found | Sen PPV F] 
# GTp    0.05           [-9.83,25.77]    [0 | 0 123 0 | 0.00 0.00 0.00] 
#       left_pos       right_pos        score   E-value
#------------------------------------------------------------
# MSA HOTAIR_full_MSA_clustered95_aligned_SS_1_101-600 nseq 27 (27) alen 462 (500) avgid 89.10 (88.19) nbpairs 100 (100)
# Method Target_E-val [cov_min,conv_max] [FP | TP True Found | Sen PPV F] 
# GTp    0.05           [-9.83,27.83]    [0 | 0 100 0 | 0.00 0.00 0.00] 
#       left_pos       right_pos        score   E-value
#------------------------------------------------------------
# MSA HOTAIR_full_MSA_clustered95_aligned_SS_1_201-700 nseq 27 (27) alen 465 (500) avgid 90.29 (89.68) nbpairs 67 (67)
# Method Target_E-val [cov_min,conv_max] [FP | TP True Found | Sen PPV F] 
# GTp    0.05           [-9.82,31.03]    [0 | 0 67 0 | 0.00 0.00 0.00] 
#       left_pos       right_pos        score   E-value
#------------------------------------------------------------
# MSA HOTAIR_full_MSA_clustered95_aligned_SS_1_301-800 nseq 27 (27) alen 457 (500) avgid 89.37 (88.67) nbpairs 63 (63)
# Method Target_E-val [cov_min,conv_max] [FP | TP True Found | Sen PPV F] 
# GTp    0.05           [-9.82,26.22]    [0 | 0 63 0 | 0.00 0.00 0.00] 
#       left_pos       right_pos        score   E-value
#------------------------------------------------------------
# MSA HOTAIR_full_MSA_clustered95_aligned_SS_1_401-900 nseq 27 (27) alen 463 (500) avgid 87.75 (87.24) nbpairs 64 (64)
# Method Target_E-val [cov_min,conv_max] [FP | TP True Found | Sen PPV F] 
# GTp    0.05           [-9.83,26.63]    [0 | 0 64 0 | 0.00 0.00 0.00] 
#       left_pos       right_pos        score   E-value
#------------------------------------------------------------
# MSA HOTAIR_full_MSA_clustered95_aligned_SS_1_501-1000 nseq 27 (27) alen 460 (500) avgid 85.29 (84.91) nbpairs 96 (98)
# Method Target_E-val [cov_min,conv_max] [FP | TP True Found | Sen PPV F] 
# GTp    0.05           [-9.83,26.06]    [0 | 0 96 0 | 0.00 0.00 0.00] 
#       left_pos       right_pos        score   E-value
#------------------------------------------------------------
# MSA HOTAIR_full_MSA_clustered95_aligned_SS_1_601-1100 nseq 27 (27) alen 459 (500) avgid 78.54 (78.13) nbpairs 103 (105)
# Method Target_E-val [cov_min,conv_max] [FP | TP True Found | Sen PPV F] 
# GTp    0.05           [-9.83,24.59]    [0 | 0 103 0 | 0.00 0.00 0.00] 
#       left_pos       right_pos        score   E-value
#------------------------------------------------------------
# MSA HOTAIR_full_MSA_clustered95_aligned_SS_1_701-1200 nseq 27 (27) alen 464 (500) avgid 80.04 (79.68) nbpairs 85 (87)
# Method Target_E-val [cov_min,conv_max] [FP | TP True Found | Sen PPV F] 
# GTp    0.05           [-9.82,23.09]    [0 | 0 85 0 | 0.00 0.00 0.00] 
#       left_pos       right_pos        score   E-value
#------------------------------------------------------------
# MSA HOTAIR_full_MSA_clustered95_aligned_SS_1_801-1300 nseq 27 (27) alen 474 (500) avgid 80.92 (80.63) nbpairs 99 (101)
# Method Target_E-val [cov_min,conv_max] [FP | TP True Found | Sen PPV F] 
# GTp    0.05           [-9.83,23.36]    [0 | 0 99 0 | 0.00 0.00 0.00] 
#       left_pos       right_pos        score   E-value
#------------------------------------------------------------
# MSA HOTAIR_full_MSA_clustered95_aligned_SS_1_901-1400 nseq 27 (27) alen 464 (500) avgid 81.55 (81.23) nbpairs 90 (92)
# Method Target_E-val [cov_min,conv_max] [FP | TP True Found | Sen PPV F] 
# GTp    0.05           [-9.83,25.22]    [0 | 0 90 0 | 0.00 0.00 0.00] 
#       left_pos       right_pos        score   E-value
#------------------------------------------------------------
# MSA HOTAIR_full_MSA_clustered95_aligned_SS_1_1001-1500 nseq 27 (27) alen 445 (500) avgid 89.07 (88.79) nbpairs 87 (87)
# Method Target_E-val [cov_min,conv_max] [FP | TP True Found | Sen PPV F] 
# GTp    0.05           [-9.82,24.59]    [0 | 0 87 0 | 0.00 0.00 0.00] 
#       left_pos       right_pos        score   E-value
#------------------------------------------------------------
# MSA HOTAIR_full_MSA_clustered95_aligned_SS_1_1101-1600 nseq 27 (27) alen 433 (500) avgid 87.39 (86.91) nbpairs 75 (75)
# Method Target_E-val [cov_min,conv_max] [FP | TP True Found | Sen PPV F] 
# GTp    0.05           [-9.83,25.77]    [0 | 0 75 0 | 0.00 0.00 0.00] 
#       left_pos       right_pos        score   E-value
#------------------------------------------------------------
# MSA HOTAIR_full_MSA_clustered95_aligned_SS_1_1201-1700 nseq 27 (27) alen 403 (500) avgid 86.08 (85.27) nbpairs 59 (59)
# Method Target_E-val [cov_min,conv_max] [FP | TP True Found | Sen PPV F] 
# GTp    0.05           [-9.82,25.09]    [0 | 0 59 0 | 0.00 0.00 0.00] 
#       left_pos       right_pos        score   E-value
#------------------------------------------------------------
# MSA HOTAIR_full_MSA_clustered95_aligned_SS_1_1301-1800 nseq 27 (27) alen 303 (500) avgid 85.21 (84.03) nbpairs 47 (47)
# Method Target_E-val [cov_min,conv_max] [FP | TP True Found | Sen PPV F] 
# GTp    0.05           [-9.83,26.42]    [0 | 0 47 0 | 0.00 0.00 0.00] 
#       left_pos       right_pos        score   E-value
#------------------------------------------------------------
# MSA HOTAIR_full_MSA_clustered95_aligned_SS_1_1401-1900 nseq 27 (27) alen 222 (500) avgid 86.23 (85.20) nbpairs 45 (45)
# Method Target_E-val [cov_min,conv_max] [FP | TP True Found | Sen PPV F] 
# GTp    0.05           [-9.82,26.14]    [0 | 0 45 0 | 0.00 0.00 0.00] 
#       left_pos       right_pos        score   E-value
#------------------------------------------------------------
# MSA HOTAIR_full_MSA_clustered95_aligned_SS_1_1501-2000 nseq 27 (27) alen 150 (500) avgid 85.98 (85.51) nbpairs 28 (28)
# Method Target_E-val [cov_min,conv_max] [FP | TP True Found | Sen PPV F] 
# GTp    0.05           [-9.83,22.51]    [0 | 0 28 0 | 0.00 0.00 0.00] 
#       left_pos       right_pos        score   E-value
#------------------------------------------------------------
# MSA HOTAIR_full_MSA_clustered95_aligned_SS_1_1601-2100 nseq 27 (27) alen 131 (500) avgid 83.36 (82.75) nbpairs 32 (32)
# Method Target_E-val [cov_min,conv_max] [FP | TP True Found | Sen PPV F] 
# GTp    0.05           [-9.68,21.41]    [0 | 0 32 0 | 0.00 0.00 0.00] 
#       left_pos       right_pos        score   E-value
#------------------------------------------------------------
# MSA HOTAIR_full_MSA_clustered95_aligned_SS_1_1701-2200 nseq 27 (27) alen 143 (500) avgid 79.98 (78.81) nbpairs 15 (15)
# Method Target_E-val [cov_min,conv_max] [FP | TP True Found | Sen PPV F] 
# GTp    0.05           [-9.84,25.49]    [0 | 0 15 0 | 0.00 0.00 0.00] 
#       left_pos       right_pos        score   E-value
#------------------------------------------------------------
# MSA HOTAIR_full_MSA_clustered95_aligned_SS_1_1801-2300 nseq 27 (27) alen 238 (500) avgid 82.45 (81.19) nbpairs 37 (37)
# Method Target_E-val [cov_min,conv_max] [FP | TP True Found | Sen PPV F] 
# GTp    0.05           [-9.82,26.87]    [0 | 0 37 0 | 0.00 0.00 0.00] 
#       left_pos       right_pos        score   E-value
#------------------------------------------------------------
# MSA HOTAIR_full_MSA_clustered95_aligned_SS_1_1901-2400 nseq 27 (27) alen 332 (500) avgid 82.34 (81.03) nbpairs 54 (54)
# Method Target_E-val [cov_min,conv_max] [FP | TP True Found | Sen PPV F] 
# GTp    0.05           [-9.82,26.90]    [0 | 0 54 0 | 0.00 0.00 0.00] 
#       left_pos       right_pos        score   E-value
#------------------------------------------------------------
# MSA HOTAIR_full_MSA_clustered95_aligned_SS_1_2001-2500 nseq 27 (27) alen 422 (500) avgid 82.91 (82.04) nbpairs 57 (57)
# Method Target_E-val [cov_min,conv_max] [FP | TP True Found | Sen PPV F] 
# GTp    0.05           [-9.81,27.55]    [0 | 0 57 0 | 0.00 0.00 0.00] 
#       left_pos       right_pos        score   E-value
#------------------------------------------------------------
# MSA HOTAIR_full_MSA_clustered95_aligned_SS_1_2101-2600 nseq 27 (27) alen 437 (500) avgid 83.02 (82.37) nbpairs 76 (76)
# Method Target_E-val [cov_min,conv_max] [FP | TP True Found | Sen PPV F] 
# GTp    0.05           [-9.81,28.14]    [0 | 0 76 0 | 0.00 0.00 0.00] 
#       left_pos       right_pos        score   E-value
#------------------------------------------------------------
# MSA HOTAIR_full_MSA_clustered95_aligned_SS_1_2201-2700 nseq 27 (27) alen 428 (500) avgid 83.15 (82.56) nbpairs 74 (74)
# Method Target_E-val [cov_min,conv_max] [FP | TP True Found | Sen PPV F] 
# GTp    0.05           [-9.83,25.87]    [0 | 0 74 0 | 0.00 0.00 0.00] 
#       left_pos       right_pos        score   E-value
#------------------------------------------------------------
# MSA HOTAIR_full_MSA_clustered95_aligned_SS_1_2301-2800 nseq 27 (27) alen 419 (500) avgid 82.65 (81.75) nbpairs 91 (91)
# Method Target_E-val [cov_min,conv_max] [FP | TP True Found | Sen PPV F] 
# GTp    0.05           [-9.81,24.91]    [0 | 0 91 0 | 0.00 0.00 0.00] 
#       left_pos       right_pos        score   E-value
#------------------------------------------------------------
# MSA HOTAIR_full_MSA_clustered95_aligned_SS_1_2401-2809 nseq 27 (27) alen 334 (409) avgid 83.20 (82.36) nbpairs 85 (85)
# Method Target_E-val [cov_min,conv_max] [FP | TP True Found | Sen PPV F] 
# GTp    0.05           [-9.81,24.59]    [0 | 0 85 0 | 0.00 0.00 0.00] 
#       left_pos       right_pos        score   E-value
#------------------------------------------------------------
