# MSA HOTAIR_full_MSA_clustered95_D3_SS_1_1-500 nseq 28 (28) alen 438 (500) avgid 86.51 (86.06) nbpairs 86 (86)
# Method Target_E-val [cov_min,conv_max] [FP | TP True Found | Sen PPV F] 
# GTp    0.05           [-9.82,26.42]    [0 | 0 86 0 | 0.00 0.00 0.00] 
#       left_pos       right_pos        score   E-value
#------------------------------------------------------------
# MSA HOTAIR_full_MSA_clustered95_D3_SS_1_101-600 nseq 28 (28) alen 343 (500) avgid 85.26 (84.20) nbpairs 54 (54)
# Method Target_E-val [cov_min,conv_max] [FP | TP True Found | Sen PPV F] 
# GTp    0.05           [-9.81,26.94]    [0 | 0 54 0 | 0.00 0.00 0.00] 
#       left_pos       right_pos        score   E-value
#------------------------------------------------------------
# MSA HOTAIR_full_MSA_clustered95_D3_SS_1_201-700 nseq 28 (28) alen 247 (500) avgid 85.71 (84.46) nbpairs 45 (45)
# Method Target_E-val [cov_min,conv_max] [FP | TP True Found | Sen PPV F] 
# GTp    0.05           [-9.82,27.94]    [0 | 0 45 0 | 0.00 0.00 0.00] 
#       left_pos       right_pos        score   E-value
#------------------------------------------------------------
# MSA HOTAIR_full_MSA_clustered95_D3_SS_1_301-800 nseq 28 (28) alen 190 (500) avgid 86.34 (85.98) nbpairs 36 (36)
# Method Target_E-val [cov_min,conv_max] [FP | TP True Found | Sen PPV F] 
# GTp    0.05           [-9.82,24.07]    [0 | 0 36 0 | 0.00 0.00 0.00] 
#       left_pos       right_pos        score   E-value
#------------------------------------------------------------
# MSA HOTAIR_full_MSA_clustered95_D3_SS_1_401-900 nseq 28 (28) alen 129 (500) avgid 84.25 (83.93) nbpairs 12 (12)
# Method Target_E-val [cov_min,conv_max] [FP | TP True Found | Sen PPV F] 
# GTp    0.05           [-9.82,22.96]    [0 | 0 12 0 | 0.00 0.00 0.00] 
#       left_pos       right_pos        score   E-value
#------------------------------------------------------------
# MSA HOTAIR_full_MSA_clustered95_D3_SS_1_501-1000 nseq 28 (28) alen 109 (500) avgid 79.27 (78.60) nbpairs 9 (9)
# Method Target_E-val [cov_min,conv_max] [FP | TP True Found | Sen PPV F] 
# GTp    0.05           [-9.83,26.63]    [0 | 0 9 0 | 0.00 0.00 0.00] 
#       left_pos       right_pos        score   E-value
#------------------------------------------------------------
# MSA HOTAIR_full_MSA_clustered95_D3_SS_1_601-1100 nseq 28 (28) alen 201 (500) avgid 81.23 (80.08) nbpairs 25 (25)
# Method Target_E-val [cov_min,conv_max] [FP | TP True Found | Sen PPV F] 
# GTp    0.05           [-9.81,28.58]    [0 | 0 25 0 | 0.00 0.00 0.00] 
#       left_pos       right_pos        score   E-value
#------------------------------------------------------------
# MSA HOTAIR_full_MSA_clustered95_D3_SS_1_701-1162 nseq 28 (28) alen 260 (462) avgid 82.37 (81.23) nbpairs 44 (44)
# Method Target_E-val [cov_min,conv_max] [FP | TP True Found | Sen PPV F] 
# GTp    0.05           [-9.82,28.05]    [0 | 0 44 0 | 0.00 0.00 0.00] 
#       left_pos       right_pos        score   E-value
#------------------------------------------------------------
