# MSA HOTAIR_full_MSA_clustered95_aligned_D3subalign_SS_1_1-300 nseq 27 (27) alen 253 (300) avgid 86.43 (86.12) nbpairs 47 (47)
# Method Target_E-val [cov_min,conv_max] [FP | TP True Found | Sen PPV F] 
# GTp    0.05         [-9.84,22.31]     [0 | 0 47 0 | 0.00 0.00 0.00] 
#       left_pos       right_pos        score   E-value
#------------------------------------------------------------
# MSA HOTAIR_full_MSA_clustered95_aligned_D3subalign_SS_1_101-400 nseq 27 (27) alen 242 (300) avgid 85.35 (84.95) nbpairs 28 (28)
# Method Target_E-val [cov_min,conv_max] [FP | TP True Found | Sen PPV F] 
# GTp    0.05         [-9.82,23.77]     [0 | 0 28 0 | 0.00 0.00 0.00] 
#       left_pos       right_pos        score   E-value
#------------------------------------------------------------
# MSA HOTAIR_full_MSA_clustered95_aligned_D3subalign_SS_1_201-500 nseq 27 (27) alen 242 (300) avgid 86.19 (85.59) nbpairs 45 (45)
# Method Target_E-val [cov_min,conv_max] [FP | TP True Found | Sen PPV F] 
# GTp    0.05         [-9.83,26.37]     [0 | 0 45 0 | 0.00 0.00 0.00] 
#       left_pos       right_pos        score   E-value
#------------------------------------------------------------
# MSA HOTAIR_full_MSA_clustered95_aligned_D3subalign_SS_1_301-600 nseq 27 (27) alen 190 (300) avgid 86.58 (86.32) nbpairs 36 (36)
# Method Target_E-val [cov_min,conv_max] [FP | TP True Found | Sen PPV F] 
# GTp    0.05         [-9.83,23.18]     [0 | 0 36 0 | 0.00 0.00 0.00] 
#       left_pos       right_pos        score   E-value
#------------------------------------------------------------
# MSA HOTAIR_full_MSA_clustered95_aligned_D3subalign_SS_1_401-700 nseq 27 (27) alen 101 (300) avgid 86.06 (85.87) nbpairs 11 (11)
# Method Target_E-val [cov_min,conv_max] [FP | TP True Found | Sen PPV F] 
# GTp    0.05         [-8.52,22.84]     [0 | 0 11 0 | 0.00 0.00 0.00] 
#       left_pos       right_pos        score   E-value
#------------------------------------------------------------
# MSA HOTAIR_full_MSA_clustered95_aligned_D3subalign_SS_1_501-800 nseq 27 (27) alen 5 (300) avgid 70.93 (70.85) nbpairs 0 (0)
# Method Target_E-val [cov_min,conv_max] [FP | TP True Found | Sen PPV F] 
# GTp    0.05         [-0.47,1.29]     [0 | 0 0 0 | 0.00 0.00 0.00] 
#       left_pos       right_pos        score   E-value
#------------------------------------------------------------
# MSA HOTAIR_full_MSA_clustered95_aligned_D3subalign_SS_1_601-900 nseq 27 (27) alen 28 (300) avgid 78.65 (78.27) nbpairs 1 (1)
# Method Target_E-val [cov_min,conv_max] [FP | TP True Found | Sen PPV F] 
# GTp    0.05         [-2.48,11.01]     [0 | 1 1 1 | 100.00 100.00 100.00] 
#       left_pos       right_pos        score   E-value
#------------------------------------------------------------
*	     878	     887	11.01	0.00121617
# MSA HOTAIR_full_MSA_clustered95_aligned_D3subalign_SS_1_701-1000 nseq 27 (27) alen 104 (300) avgid 79.79 (78.98) nbpairs 9 (9)
# Method Target_E-val [cov_min,conv_max] [FP | TP True Found | Sen PPV F] 
# GTp    0.05         [-9.82,24.62]     [1 | 0 9 1 | 0.00 0.00 0.00] 
#       left_pos       right_pos        score   E-value
#------------------------------------------------------------
 	     929	     987	24.62	0.0419539
# MSA HOTAIR_full_MSA_clustered95_aligned_D3subalign_SS_1_801-1100 nseq 27 (27) alen 201 (300) avgid 81.35 (80.30) nbpairs 25 (25)
# Method Target_E-val [cov_min,conv_max] [FP | TP True Found | Sen PPV F] 
# GTp    0.05         [-9.83,27.17]     [0 | 0 25 0 | 0.00 0.00 0.00] 
#       left_pos       right_pos        score   E-value
#------------------------------------------------------------
# MSA HOTAIR_full_MSA_clustered95_aligned_D3subalign_SS_1_901-1162 nseq 27 (27) alen 232 (262) avgid 83.10 (82.61) nbpairs 39 (39)
# Method Target_E-val [cov_min,conv_max] [FP | TP True Found | Sen PPV F] 
# GTp    0.05         [-9.83,27.10]     [0 | 0 39 0 | 0.00 0.00 0.00] 
#       left_pos       right_pos        score   E-value
#------------------------------------------------------------
