# MSA HOTAIR_full_MSA_clustered95_D3_SS_1_1-300 nseq 28 (28) alen 253 (300) avgid 86.52 (86.10) nbpairs 47 (47)
# Method Target_E-val [cov_min,conv_max] [FP | TP True Found | Sen PPV F] 
# GTp    0.05         [-9.82,23.44]     [0 | 0 47 0 | 0.00 0.00 0.00] 
#       left_pos       right_pos        score   E-value
#------------------------------------------------------------
# MSA HOTAIR_full_MSA_clustered95_D3_SS_1_101-400 nseq 28 (28) alen 242 (300) avgid 85.33 (84.85) nbpairs 28 (28)
# Method Target_E-val [cov_min,conv_max] [FP | TP True Found | Sen PPV F] 
# GTp    0.05         [-9.83,24.15]     [0 | 0 28 0 | 0.00 0.00 0.00] 
#       left_pos       right_pos        score   E-value
#------------------------------------------------------------
# MSA HOTAIR_full_MSA_clustered95_D3_SS_1_201-500 nseq 28 (28) alen 242 (300) avgid 85.98 (85.39) nbpairs 45 (45)
# Method Target_E-val [cov_min,conv_max] [FP | TP True Found | Sen PPV F] 
# GTp    0.05         [-9.82,27.89]     [0 | 0 45 0 | 0.00 0.00 0.00] 
#       left_pos       right_pos        score   E-value
#------------------------------------------------------------
# MSA HOTAIR_full_MSA_clustered95_D3_SS_1_301-600 nseq 28 (28) alen 190 (300) avgid 86.34 (86.10) nbpairs 36 (36)
# Method Target_E-val [cov_min,conv_max] [FP | TP True Found | Sen PPV F] 
# GTp    0.05         [-9.83,24.07]     [0 | 0 36 0 | 0.00 0.00 0.00] 
#       left_pos       right_pos        score   E-value
#------------------------------------------------------------
# MSA HOTAIR_full_MSA_clustered95_D3_SS_1_401-700 nseq 28 (28) alen 101 (300) avgid 85.88 (85.70) nbpairs 11 (11)
# Method Target_E-val [cov_min,conv_max] [FP | TP True Found | Sen PPV F] 
# GTp    0.05         [-8.68,23.47]     [0 | 0 11 0 | 0.00 0.00 0.00] 
#       left_pos       right_pos        score   E-value
#------------------------------------------------------------
# MSA HOTAIR_full_MSA_clustered95_D3_SS_1_501-800 nseq 28 (28) alen 5 (300) avgid 71.55 (71.47) nbpairs 0 (0)
# Method Target_E-val [cov_min,conv_max] [FP | TP True Found | Sen PPV F] 
# GTp    0.05         [-0.48,1.32]     [0 | 0 0 0 | 0.00 0.00 0.00] 
#       left_pos       right_pos        score   E-value
#------------------------------------------------------------
# MSA HOTAIR_full_MSA_clustered95_D3_SS_1_601-900 nseq 28 (28) alen 28 (300) avgid 78.73 (78.39) nbpairs 1 (1)
# Method Target_E-val [cov_min,conv_max] [FP | TP True Found | Sen PPV F] 
# GTp    0.05         [-2.55,11.38]     [0 | 1 1 1 | 100.00 100.00 100.00] 
#       left_pos       right_pos        score   E-value
#------------------------------------------------------------
*	     878	     887	11.38	0.00127418
# MSA HOTAIR_full_MSA_clustered95_D3_SS_1_701-1000 nseq 28 (28) alen 104 (300) avgid 79.67 (78.90) nbpairs 9 (9)
# Method Target_E-val [cov_min,conv_max] [FP | TP True Found | Sen PPV F] 
# GTp    0.05         [-9.83,26.33]     [1 | 0 9 1 | 0.00 0.00 0.00] 
#       left_pos       right_pos        score   E-value
#------------------------------------------------------------
 	     929	     987	26.33	0.0135229
# MSA HOTAIR_full_MSA_clustered95_D3_SS_1_801-1100 nseq 28 (28) alen 201 (300) avgid 81.23 (80.19) nbpairs 25 (25)
# Method Target_E-val [cov_min,conv_max] [FP | TP True Found | Sen PPV F] 
# GTp    0.05         [-9.81,28.58]     [0 | 0 25 0 | 0.00 0.00 0.00] 
#       left_pos       right_pos        score   E-value
#------------------------------------------------------------
# MSA HOTAIR_full_MSA_clustered95_D3_SS_1_901-1162 nseq 28 (28) alen 232 (262) avgid 82.99 (82.52) nbpairs 39 (39)
# Method Target_E-val [cov_min,conv_max] [FP | TP True Found | Sen PPV F] 
# GTp    0.05         [-9.82,28.51]     [0 | 0 39 0 | 0.00 0.00 0.00] 
#       left_pos       right_pos        score   E-value
#------------------------------------------------------------
